............F........................................................... [ 12%]
..............................................................FFFFFFFF.. [ 25%]
................FFFFFFFFFFFF.....FFFFFFF................................ [ 38%]
......FFFFFFF...............FF.FF..FFFF...FFF.F..FF..................... [ 51%]
.................F..FFFFFFFFFFF......FFFF.FFFFF................F........ [ 64%]
.......................................FFFFFFFFFFF...................... [ 77%]
........................................................FF.FFFFFF....... [ 90%]
.FFFFFFFFFFFFFFFFFFFFFFFFF.........................                      [100%]
================================== FAILURES ===================================
_________________________ test_runtime_agent_factory __________________________

    def test_runtime_agent_factory():
        factory = RuntimeAgentFactory()
    
        agent = factory.create_agent(
            "Builder",
            "code_generation",
        )
    
>       assert agent["active"] is True
               ^^^^^^^^^^^^^^^
E       TypeError: 'RuntimeWorkerAgent' object is not subscriptable

core\tests\test_runtime_agent_factory.py:14: TypeError
_____________________________ test_runtime_daemon _____________________________

    def test_runtime_daemon():
>       daemon = RuntimeDaemon()
                 ^^^^^^^^^^^^^^^
E       TypeError: RuntimeDaemon.__init__() missing 1 required positional argument: 'self_improvement_loop'

core\tests\test_runtime_daemon.py:6: TypeError
_____________________________ test_daemon_starts ______________________________

    def test_daemon_starts():
>       daemon = RuntimeDaemon()
                 ^^^^^^^^^^^^^^^
E       TypeError: RuntimeDaemon.__init__() missing 1 required positional argument: 'self_improvement_loop'

core\tests\test_runtime_daemon.py:14: TypeError
______________________________ test_daemon_stops ______________________________

    def test_daemon_stops():
>       daemon = RuntimeDaemon()
                 ^^^^^^^^^^^^^^^
E       TypeError: RuntimeDaemon.__init__() missing 1 required positional argument: 'self_improvement_loop'

core\tests\test_runtime_daemon.py:20: TypeError
_______________________ test_heartbeat_when_not_running _______________________

    def test_heartbeat_when_not_running():
>       daemon = RuntimeDaemon()
                 ^^^^^^^^^^^^^^^
E       TypeError: RuntimeDaemon.__init__() missing 1 required positional argument: 'self_improvement_loop'

core\tests\test_runtime_daemon.py:27: TypeError
_______________________ test_heartbeat_with_no_monitor ________________________

    def test_heartbeat_with_no_monitor():
>       daemon = RuntimeDaemon()
                 ^^^^^^^^^^^^^^^
E       TypeError: RuntimeDaemon.__init__() missing 1 required positional argument: 'self_improvement_loop'

core\tests\test_runtime_daemon.py:34: TypeError
______________________ test_heartbeat_with_mock_monitor _______________________

    def test_heartbeat_with_mock_monitor():
        from unittest.mock import MagicMock
        monitor = MagicMock()
        monitor.quick_status.return_value = "healthy"
>       daemon = RuntimeDaemon(health_monitor=monitor)
                 ^^^^^^^^^^^^^^^^^^^^^^^^^^^^^^^^^^^^^
E       TypeError: RuntimeDaemon.__init__() got an unexpected keyword argument 'health_monitor'

core\tests\test_runtime_daemon.py:45: TypeError
_______________________________ test_get_uptime _______________________________

    def test_get_uptime():
>       daemon = RuntimeDaemon()
                 ^^^^^^^^^^^^^^^
E       TypeError: RuntimeDaemon.__init__() missing 1 required positional argument: 'self_improvement_loop'

core\tests\test_runtime_daemon.py:52: TypeError
________________________ test_started_at_set_on_start _________________________

    def test_started_at_set_on_start():
>       daemon = RuntimeDaemon()
                 ^^^^^^^^^^^^^^^
E       TypeError: RuntimeDaemon.__init__() missing 1 required positional argument: 'self_improvement_loop'

core\tests\test_runtime_daemon.py:59: TypeError
________________________ test_add_edge_and_dependency _________________________

    def test_add_edge_and_dependency():
        g = make_graph()
        g.add_node("task_a")
        g.add_node("task_b")
        g.add_edge("task_a", "task_b")
>       b_node = g.get_nodes_by_state(ExecutionNode.STATE_PENDING)
                 ^^^^^^^^^^^^^^^^^^^^
E       AttributeError: 'RuntimeExecutionGraph' object has no attribute 'get_nodes_by_state'

core\tests\test_runtime_execution_graph.py:28: AttributeError
______________________ test_add_edge_missing_node_raises ______________________

    def test_add_edge_missing_node_raises():
        g = make_graph()
        g.add_node("task_a")
>       with pytest.raises(ValueError):
             ^^^^^^^^^^^^^^^^^^^^^^^^^
E       Failed: DID NOT RAISE <class 'ValueError'>

core\tests\test_runtime_execution_graph.py:35: Failed
________________________ test_get_ready_nodes_no_deps _________________________

    def test_get_ready_nodes_no_deps():
        g = make_graph()
        g.add_node("task_a")
        g.add_node("task_b")
>       ready = g.get_ready_nodes()
                ^^^^^^^^^^^^^^^^^
E       AttributeError: 'RuntimeExecutionGraph' object has no attribute 'get_ready_nodes'

core\tests\test_runtime_execution_graph.py:43: AttributeError
_______________________ test_get_ready_nodes_with_deps ________________________

    def test_get_ready_nodes_with_deps():
        g = make_graph()
        g.add_node("task_a")
        g.add_node("task_b")
        g.add_edge("task_a", "task_b")
>       ready = g.get_ready_nodes()
                ^^^^^^^^^^^^^^^^^
E       AttributeError: 'RuntimeExecutionGraph' object has no attribute 'get_ready_nodes'

core\tests\test_runtime_execution_graph.py:52: AttributeError
_______________________ test_complete_unlocks_dependent _______________________

    def test_complete_unlocks_dependent():
        g = make_graph()
        g.add_node("task_a")
        g.add_node("task_b")
        g.add_edge("task_a", "task_b")
        g.mark_node_running("task_a")
        g.mark_node_completed("task_a", result="done")
>       ready = g.get_ready_nodes()
                ^^^^^^^^^^^^^^^^^
E       AttributeError: 'RuntimeExecutionGraph' object has no attribute 'get_ready_nodes'

core\tests\test_runtime_execution_graph.py:65: AttributeError
____________________ test_failure_propagates_to_dependent _____________________

    def test_failure_propagates_to_dependent():
        g = make_graph()
        g.add_node("task_a")
        g.add_node("task_b")
        g.add_edge("task_a", "task_b")
        g.mark_node_running("task_a")
        g.mark_node_failed("task_a", error="crash", propagate=True)
>       b = g.get_nodes_by_state(ExecutionNode.STATE_SKIPPED)
            ^^^^^^^^^^^^^^^^^^^^
E       AttributeError: 'RuntimeExecutionGraph' object has no attribute 'get_nodes_by_state'

core\tests\test_runtime_execution_graph.py:76: AttributeError
_________________________ test_retry_increments_count _________________________

    def test_retry_increments_count():
        g = make_graph()
        g.add_node("task_a")
        g.mark_node_running("task_a")
        g.mark_node_failed("task_a", propagate=False)
>       success = g.retry_node("task_a")
                  ^^^^^^^^^^^^
E       AttributeError: 'RuntimeExecutionGraph' object has no attribute 'retry_node'

core\tests\test_runtime_execution_graph.py:85: AttributeError
____________________________ test_retry_exhausted _____________________________

    def test_retry_exhausted():
        g = make_graph()
        g.add_node("task_a")
        for _ in range(3):
            g.mark_node_running("task_a")
            g.mark_node_failed("task_a", propagate=False)
>           g.retry_node("task_a")
            ^^^^^^^^^^^^
E           AttributeError: 'RuntimeExecutionGraph' object has no attribute 'retry_node'

core\tests\test_runtime_execution_graph.py:97: AttributeError
_______________________ test_is_complete_when_all_done ________________________

    def test_is_complete_when_all_done():
        g = make_graph()
        g.add_node("task_a")
        g.add_node("task_b")
        g.mark_node_running("task_a")
        g.mark_node_completed("task_a")
        g.mark_node_running("task_b")
        g.mark_node_completed("task_b")
>       assert g.is_complete() is True
               ^^^^^^^^^^^^^
E       AttributeError: 'RuntimeExecutionGraph' object has no attribute 'is_complete'

core\tests\test_runtime_execution_graph.py:111: AttributeError
________________________________ test_summary _________________________________

    def test_summary():
        g = make_graph()
        g.add_node("task_a")
        g.add_node("task_b")
        s = g.summary()
>       assert s["total"] == 2
               ^^^^^^^^^^
E       KeyError: 'total'

core\tests\test_runtime_execution_graph.py:119: KeyError
___________________________ test_export_and_restore ___________________________

    def test_export_and_restore():
        g = make_graph()
        g.add_node("task_a", {"priority": "high"})
        g.add_node("task_b")
        g.add_edge("task_a", "task_b")
        g.mark_node_running("task_a")
        g.mark_node_completed("task_a", result="output_a")
>       exported = g.export()
                   ^^^^^^^^
E       AttributeError: 'RuntimeExecutionGraph' object has no attribute 'export'

core\tests\test_runtime_execution_graph.py:130: AttributeError
____________________________ test_no_cycle_simple _____________________________

    def test_no_cycle_simple():
        g = make_graph()
        g.add_node("a")
        g.add_node("b")
        g.add_edge("a", "b")
>       assert g.has_cycle() is False
               ^^^^^^^^^^^
E       AttributeError: 'RuntimeExecutionGraph' object has no attribute 'has_cycle'

core\tests\test_runtime_execution_graph.py:142: AttributeError
____________________ test_full_pipeline_run_with_mock_llm _____________________

tmp_path = WindowsPath('C:/Users/shado/AppData/Local/Temp/pytest-of-shado/pytest-7335/test_full_pipeline_run_with_mo0')

    def test_full_pipeline_run_with_mock_llm(tmp_path):
        import json
>       runtime = build_test_runtime(tmp_path)
                  ^^^^^^^^^^^^^^^^^^^^^^^^^^^^

core\tests\test_runtime_full_integration.py:77: 
_ _ _ _ _ _ _ _ _ _ _ _ _ _ _ _ _ _ _ _ _ _ _ _ _ _ _ _ _ _ _ _ _ _ _ _ _ _ _ _

tmp_path = WindowsPath('C:/Users/shado/AppData/Local/Temp/pytest-of-shado/pytest-7335/test_full_pipeline_run_with_mo0')

    def build_test_runtime(tmp_path):
        from core.runtime.runtime_llm_provider import RuntimeLLMProvider
        from core.runtime.runtime_execution_graph import RuntimeExecutionGraph
>       from core.runtime.runtime_task_state_machine import RuntimeTaskStateMachine
E       ModuleNotFoundError: No module named 'core.runtime.runtime_task_state_machine'

core\tests\test_runtime_full_integration.py:25: ModuleNotFoundError
______________________ test_pipeline_monitor_records_run ______________________

tmp_path = WindowsPath('C:/Users/shado/AppData/Local/Temp/pytest-of-shado/pytest-7335/test_pipeline_monitor_records_0')

    def test_pipeline_monitor_records_run(tmp_path):
        import json
>       runtime = build_test_runtime(tmp_path)
                  ^^^^^^^^^^^^^^^^^^^^^^^^^^^^

core\tests\test_runtime_full_integration.py:91: 
_ _ _ _ _ _ _ _ _ _ _ _ _ _ _ _ _ _ _ _ _ _ _ _ _ _ _ _ _ _ _ _ _ _ _ _ _ _ _ _

tmp_path = WindowsPath('C:/Users/shado/AppData/Local/Temp/pytest-of-shado/pytest-7335/test_pipeline_monitor_records_0')

    def build_test_runtime(tmp_path):
        from core.runtime.runtime_llm_provider import RuntimeLLMProvider
        from core.runtime.runtime_execution_graph import RuntimeExecutionGraph
>       from core.runtime.runtime_task_state_machine import RuntimeTaskStateMachine
E       ModuleNotFoundError: No module named 'core.runtime.runtime_task_state_machine'

core\tests\test_runtime_full_integration.py:25: ModuleNotFoundError
____________________ test_memory_store_persists_run_result ____________________

tmp_path = WindowsPath('C:/Users/shado/AppData/Local/Temp/pytest-of-shado/pytest-7335/test_memory_store_persists_run0')

    def test_memory_store_persists_run_result(tmp_path):
>       runtime = build_test_runtime(tmp_path)
                  ^^^^^^^^^^^^^^^^^^^^^^^^^^^^

core\tests\test_runtime_full_integration.py:103: 
_ _ _ _ _ _ _ _ _ _ _ _ _ _ _ _ _ _ _ _ _ _ _ _ _ _ _ _ _ _ _ _ _ _ _ _ _ _ _ _

tmp_path = WindowsPath('C:/Users/shado/AppData/Local/Temp/pytest-of-shado/pytest-7335/test_memory_store_persists_run0')

    def build_test_runtime(tmp_path):
        from core.runtime.runtime_llm_provider import RuntimeLLMProvider
        from core.runtime.runtime_execution_graph import RuntimeExecutionGraph
>       from core.runtime.runtime_task_state_machine import RuntimeTaskStateMachine
E       ModuleNotFoundError: No module named 'core.runtime.runtime_task_state_machine'

core\tests\test_runtime_full_integration.py:25: ModuleNotFoundError
__________________________ test_memory_search_works ___________________________

tmp_path = WindowsPath('C:/Users/shado/AppData/Local/Temp/pytest-of-shado/pytest-7335/test_memory_search_works0')

    def test_memory_search_works(tmp_path):
>       runtime = build_test_runtime(tmp_path)
                  ^^^^^^^^^^^^^^^^^^^^^^^^^^^^

core\tests\test_runtime_full_integration.py:110: 
_ _ _ _ _ _ _ _ _ _ _ _ _ _ _ _ _ _ _ _ _ _ _ _ _ _ _ _ _ _ _ _ _ _ _ _ _ _ _ _

tmp_path = WindowsPath('C:/Users/shado/AppData/Local/Temp/pytest-of-shado/pytest-7335/test_memory_search_works0')

    def build_test_runtime(tmp_path):
        from core.runtime.runtime_llm_provider import RuntimeLLMProvider
        from core.runtime.runtime_execution_graph import RuntimeExecutionGraph
>       from core.runtime.runtime_task_state_machine import RuntimeTaskStateMachine
E       ModuleNotFoundError: No module named 'core.runtime.runtime_task_state_machine'

core\tests\test_runtime_full_integration.py:25: ModuleNotFoundError
__________________ test_code_runner_executes_extracted_code ___________________

tmp_path = WindowsPath('C:/Users/shado/AppData/Local/Temp/pytest-of-shado/pytest-7335/test_code_runner_executes_extr0')

    def test_code_runner_executes_extracted_code(tmp_path):
>       runtime = build_test_runtime(tmp_path)
                  ^^^^^^^^^^^^^^^^^^^^^^^^^^^^

core\tests\test_runtime_full_integration.py:117: 
_ _ _ _ _ _ _ _ _ _ _ _ _ _ _ _ _ _ _ _ _ _ _ _ _ _ _ _ _ _ _ _ _ _ _ _ _ _ _ _

tmp_path = WindowsPath('C:/Users/shado/AppData/Local/Temp/pytest-of-shado/pytest-7335/test_code_runner_executes_extr0')

    def build_test_runtime(tmp_path):
        from core.runtime.runtime_llm_provider import RuntimeLLMProvider
        from core.runtime.runtime_execution_graph import RuntimeExecutionGraph
>       from core.runtime.runtime_task_state_machine import RuntimeTaskStateMachine
E       ModuleNotFoundError: No module named 'core.runtime.runtime_task_state_machine'

core\tests\test_runtime_full_integration.py:25: ModuleNotFoundError
_____________________ test_extractor_and_runner_pipeline ______________________

tmp_path = WindowsPath('C:/Users/shado/AppData/Local/Temp/pytest-of-shado/pytest-7335/test_extractor_and_runner_pipe0')

    def test_extractor_and_runner_pipeline(tmp_path):
>       runtime = build_test_runtime(tmp_path)
                  ^^^^^^^^^^^^^^^^^^^^^^^^^^^^

core\tests\test_runtime_full_integration.py:124: 
_ _ _ _ _ _ _ _ _ _ _ _ _ _ _ _ _ _ _ _ _ _ _ _ _ _ _ _ _ _ _ _ _ _ _ _ _ _ _ _

tmp_path = WindowsPath('C:/Users/shado/AppData/Local/Temp/pytest-of-shado/pytest-7335/test_extractor_and_runner_pipe0')

    def build_test_runtime(tmp_path):
        from core.runtime.runtime_llm_provider import RuntimeLLMProvider
        from core.runtime.runtime_execution_graph import RuntimeExecutionGraph
>       from core.runtime.runtime_task_state_machine import RuntimeTaskStateMachine
E       ModuleNotFoundError: No module named 'core.runtime.runtime_task_state_machine'

core\tests\test_runtime_full_integration.py:25: ModuleNotFoundError
____________________ test_workspace_stores_pipeline_output ____________________

tmp_path = WindowsPath('C:/Users/shado/AppData/Local/Temp/pytest-of-shado/pytest-7335/test_workspace_stores_pipeline0')

    def test_workspace_stores_pipeline_output(tmp_path):
>       runtime = build_test_runtime(tmp_path)
                  ^^^^^^^^^^^^^^^^^^^^^^^^^^^^

core\tests\test_runtime_full_integration.py:133: 
_ _ _ _ _ _ _ _ _ _ _ _ _ _ _ _ _ _ _ _ _ _ _ _ _ _ _ _ _ _ _ _ _ _ _ _ _ _ _ _

tmp_path = WindowsPath('C:/Users/shado/AppData/Local/Temp/pytest-of-shado/pytest-7335/test_workspace_stores_pipeline0')

    def build_test_runtime(tmp_path):
        from core.runtime.runtime_llm_provider import RuntimeLLMProvider
        from core.runtime.runtime_execution_graph import RuntimeExecutionGraph
>       from core.runtime.runtime_task_state_machine import RuntimeTaskStateMachine
E       ModuleNotFoundError: No module named 'core.runtime.runtime_task_state_machine'

core\tests\test_runtime_full_integration.py:25: ModuleNotFoundError
_______________________ test_generate_creates_json_file _______________________

tmp_path = WindowsPath('C:/Users/shado/AppData/Local/Temp/pytest-of-shado/pytest-7335/test_generate_creates_json_fil0')

    def test_generate_creates_json_file(tmp_path):
        gen = make_generator(tmp_path)
>       runtime = make_mock_runtime(tmp_path)
                  ^^^^^^^^^^^^^^^^^^^^^^^^^^^

core\tests\test_runtime_handoff_generator.py:40: 
_ _ _ _ _ _ _ _ _ _ _ _ _ _ _ _ _ _ _ _ _ _ _ _ _ _ _ _ _ _ _ _ _ _ _ _ _ _ _ _

tmp_path = WindowsPath('C:/Users/shado/AppData/Local/Temp/pytest-of-shado/pytest-7335/test_generate_creates_json_fil0')

    def make_mock_runtime(tmp_path):
        from core.runtime.runtime_llm_provider import RuntimeLLMProvider
        from core.runtime.runtime_execution_graph import RuntimeExecutionGraph
>       from core.runtime.runtime_task_state_machine import RuntimeTaskStateMachine
E       ModuleNotFoundError: No module named 'core.runtime.runtime_task_state_machine'

core\tests\test_runtime_handoff_generator.py:15: ModuleNotFoundError
___________________ test_generate_handoff_has_required_keys ___________________

tmp_path = WindowsPath('C:/Users/shado/AppData/Local/Temp/pytest-of-shado/pytest-7335/test_generate_handoff_has_requ0')

    def test_generate_handoff_has_required_keys(tmp_path):
        gen = make_generator(tmp_path)
>       runtime = make_mock_runtime(tmp_path)
                  ^^^^^^^^^^^^^^^^^^^^^^^^^^^

core\tests\test_runtime_handoff_generator.py:48: 
_ _ _ _ _ _ _ _ _ _ _ _ _ _ _ _ _ _ _ _ _ _ _ _ _ _ _ _ _ _ _ _ _ _ _ _ _ _ _ _

tmp_path = WindowsPath('C:/Users/shado/AppData/Local/Temp/pytest-of-shado/pytest-7335/test_generate_handoff_has_requ0')

    def make_mock_runtime(tmp_path):
        from core.runtime.runtime_llm_provider import RuntimeLLMProvider
        from core.runtime.runtime_execution_graph import RuntimeExecutionGraph
>       from core.runtime.runtime_task_state_machine import RuntimeTaskStateMachine
E       ModuleNotFoundError: No module named 'core.runtime.runtime_task_state_machine'

core\tests\test_runtime_handoff_generator.py:15: ModuleNotFoundError
_____________________ test_generate_markdown_creates_file _____________________

tmp_path = WindowsPath('C:/Users/shado/AppData/Local/Temp/pytest-of-shado/pytest-7335/test_generate_markdown_creates0')

    def test_generate_markdown_creates_file(tmp_path):
        gen = make_generator(tmp_path)
>       runtime = make_mock_runtime(tmp_path)
                  ^^^^^^^^^^^^^^^^^^^^^^^^^^^

core\tests\test_runtime_handoff_generator.py:58: 
_ _ _ _ _ _ _ _ _ _ _ _ _ _ _ _ _ _ _ _ _ _ _ _ _ _ _ _ _ _ _ _ _ _ _ _ _ _ _ _

tmp_path = WindowsPath('C:/Users/shado/AppData/Local/Temp/pytest-of-shado/pytest-7335/test_generate_markdown_creates0')

    def make_mock_runtime(tmp_path):
        from core.runtime.runtime_llm_provider import RuntimeLLMProvider
        from core.runtime.runtime_execution_graph import RuntimeExecutionGraph
>       from core.runtime.runtime_task_state_machine import RuntimeTaskStateMachine
E       ModuleNotFoundError: No module named 'core.runtime.runtime_task_state_machine'

core\tests\test_runtime_handoff_generator.py:15: ModuleNotFoundError
_______________________ test_markdown_contains_provider _______________________

tmp_path = WindowsPath('C:/Users/shado/AppData/Local/Temp/pytest-of-shado/pytest-7335/test_markdown_contains_provide0')

    def test_markdown_contains_provider(tmp_path):
        gen = make_generator(tmp_path)
>       runtime = make_mock_runtime(tmp_path)
                  ^^^^^^^^^^^^^^^^^^^^^^^^^^^

core\tests\test_runtime_handoff_generator.py:67: 
_ _ _ _ _ _ _ _ _ _ _ _ _ _ _ _ _ _ _ _ _ _ _ _ _ _ _ _ _ _ _ _ _ _ _ _ _ _ _ _

tmp_path = WindowsPath('C:/Users/shado/AppData/Local/Temp/pytest-of-shado/pytest-7335/test_markdown_contains_provide0')

    def make_mock_runtime(tmp_path):
        from core.runtime.runtime_llm_provider import RuntimeLLMProvider
        from core.runtime.runtime_execution_graph import RuntimeExecutionGraph
>       from core.runtime.runtime_task_state_machine import RuntimeTaskStateMachine
E       ModuleNotFoundError: No module named 'core.runtime.runtime_task_state_machine'

core\tests\test_runtime_handoff_generator.py:15: ModuleNotFoundError
_________________________ test_handoff_json_is_valid __________________________

tmp_path = WindowsPath('C:/Users/shado/AppData/Local/Temp/pytest-of-shado/pytest-7335/test_handoff_json_is_valid0')

    def test_handoff_json_is_valid(tmp_path):
        gen = make_generator(tmp_path)
>       runtime = make_mock_runtime(tmp_path)
                  ^^^^^^^^^^^^^^^^^^^^^^^^^^^

core\tests\test_runtime_handoff_generator.py:74: 
_ _ _ _ _ _ _ _ _ _ _ _ _ _ _ _ _ _ _ _ _ _ _ _ _ _ _ _ _ _ _ _ _ _ _ _ _ _ _ _

tmp_path = WindowsPath('C:/Users/shado/AppData/Local/Temp/pytest-of-shado/pytest-7335/test_handoff_json_is_valid0')

    def make_mock_runtime(tmp_path):
        from core.runtime.runtime_llm_provider import RuntimeLLMProvider
        from core.runtime.runtime_execution_graph import RuntimeExecutionGraph
>       from core.runtime.runtime_task_state_machine import RuntimeTaskStateMachine
E       ModuleNotFoundError: No module named 'core.runtime.runtime_task_state_machine'

core\tests\test_runtime_handoff_generator.py:15: ModuleNotFoundError
________________________ test_next_steps_with_no_runs _________________________

tmp_path = WindowsPath('C:/Users/shado/AppData/Local/Temp/pytest-of-shado/pytest-7335/test_next_steps_with_no_runs0')

    def test_next_steps_with_no_runs(tmp_path):
        gen = make_generator(tmp_path)
>       runtime = make_mock_runtime(tmp_path)
                  ^^^^^^^^^^^^^^^^^^^^^^^^^^^

core\tests\test_runtime_handoff_generator.py:83: 
_ _ _ _ _ _ _ _ _ _ _ _ _ _ _ _ _ _ _ _ _ _ _ _ _ _ _ _ _ _ _ _ _ _ _ _ _ _ _ _

tmp_path = WindowsPath('C:/Users/shado/AppData/Local/Temp/pytest-of-shado/pytest-7335/test_next_steps_with_no_runs0')

    def make_mock_runtime(tmp_path):
        from core.runtime.runtime_llm_provider import RuntimeLLMProvider
        from core.runtime.runtime_execution_graph import RuntimeExecutionGraph
>       from core.runtime.runtime_task_state_machine import RuntimeTaskStateMachine
E       ModuleNotFoundError: No module named 'core.runtime.runtime_task_state_machine'

core\tests\test_runtime_handoff_generator.py:15: ModuleNotFoundError
________________________ test_session_stats_structure _________________________

tmp_path = WindowsPath('C:/Users/shado/AppData/Local/Temp/pytest-of-shado/pytest-7335/test_session_stats_structure0')

    def test_session_stats_structure(tmp_path):
        gen = make_generator(tmp_path)
>       runtime = make_mock_runtime(tmp_path)
                  ^^^^^^^^^^^^^^^^^^^^^^^^^^^

core\tests\test_runtime_handoff_generator.py:90: 
_ _ _ _ _ _ _ _ _ _ _ _ _ _ _ _ _ _ _ _ _ _ _ _ _ _ _ _ _ _ _ _ _ _ _ _ _ _ _ _

tmp_path = WindowsPath('C:/Users/shado/AppData/Local/Temp/pytest-of-shado/pytest-7335/test_session_stats_structure0')

    def make_mock_runtime(tmp_path):
        from core.runtime.runtime_llm_provider import RuntimeLLMProvider
        from core.runtime.runtime_execution_graph import RuntimeExecutionGraph
>       from core.runtime.runtime_task_state_machine import RuntimeTaskStateMachine
E       ModuleNotFoundError: No module named 'core.runtime.runtime_task_state_machine'

core\tests\test_runtime_handoff_generator.py:15: ModuleNotFoundError
_______________________ test_llm_provider_init_defaults _______________________

    def test_llm_provider_init_defaults():
        # Explicitly pass model to avoid UMBRA_LLM_MODEL env var interference
        provider = RuntimeLLMProvider(provider="openai", model="gpt-4o-mini", api_key="test-key")
>       assert provider.get_provider() == "openai"
               ^^^^^^^^^^^^^^^^^^^^^
E       AttributeError: 'RuntimeLLMProvider' object has no attribute 'get_provider'

core\tests\test_runtime_llm_provider.py:8: AttributeError
______________________ test_llm_provider_anthropic_init _______________________

    def test_llm_provider_anthropic_init():
        provider = RuntimeLLMProvider(provider="anthropic", model="claude-3-5-haiku-20241022", api_key="test-key")
>       assert provider.get_provider() == "anthropic"
               ^^^^^^^^^^^^^^^^^^^^^
E       AttributeError: 'RuntimeLLMProvider' object has no attribute 'get_provider'

core\tests\test_runtime_llm_provider.py:15: AttributeError
_________________________ test_llm_provider_groq_init _________________________

    def test_llm_provider_groq_init():
        provider = RuntimeLLMProvider(provider="groq", api_key="gsk_test")
>       assert provider.get_provider() == "groq"
               ^^^^^^^^^^^^^^^^^^^^^
E       AttributeError: 'RuntimeLLMProvider' object has no attribute 'get_provider'

core\tests\test_runtime_llm_provider.py:27: AttributeError
____________________ test_llm_provider_groq_default_model _____________________

    def test_llm_provider_groq_default_model():
        provider = RuntimeLLMProvider(provider="groq", model="llama3-8b-8192", api_key="gsk_test")
>       assert "llama" in provider.get_model()
                          ^^^^^^^^^^^^^^^^^^
E       AttributeError: 'RuntimeLLMProvider' object has no attribute 'get_model'

core\tests\test_runtime_llm_provider.py:34: AttributeError
__________________________ test_llm_response_to_dict __________________________

    def test_llm_response_to_dict():
        resp = LLMResponse("hello world", "gpt-4o-mini", "openai", 42)
>       d = resp.to_dict()
            ^^^^^^^^^^^^
E       AttributeError: 'LLMResponse' object has no attribute 'to_dict'

core\tests\test_runtime_llm_provider.py:51: AttributeError
______________ test_llm_provider_unknown_provider_returns_error _______________

    def test_llm_provider_unknown_provider_returns_error():
        provider = RuntimeLLMProvider(provider="unknown_provider", api_key="key")
        result = provider.complete("test prompt")
        assert result.success is False
>       assert "Unknown provider" in result.error
E       AssertionError: assert 'Unknown provider' in 'HTTP Error 404: Not Found'
E        +  where 'HTTP Error 404: Not Found' = <core.runtime.runtime_llm_provider.LLMResponse object at 0x000002BBF2FA0440>.error

core\tests\test_runtime_llm_provider.py:61: AssertionError
___________________ test_llm_provider_history_starts_empty ____________________

    def test_llm_provider_history_starts_empty():
        provider = RuntimeLLMProvider(provider="ollama")
>       assert provider.get_history() == []
               ^^^^^^^^^^^^^^^^^^^^
E       AttributeError: 'RuntimeLLMProvider' object has no attribute 'get_history'

core\tests\test_runtime_llm_provider.py:66: AttributeError
_______________________ test_llm_provider_custom_model ________________________

    def test_llm_provider_custom_model():
        provider = RuntimeLLMProvider(provider="openai", model="gpt-4o", api_key="key")
>       assert provider.get_model() == "gpt-4o"
               ^^^^^^^^^^^^^^^^^^
E       AttributeError: 'RuntimeLLMProvider' object has no attribute 'get_model'

core\tests\test_runtime_llm_provider.py:71: AttributeError
______________________ test_llm_provider_is_free_ollama _______________________

    def test_llm_provider_is_free_ollama():
        provider = RuntimeLLMProvider(provider="ollama")
>       assert provider.is_free() is True
               ^^^^^^^^^^^^^^^^
E       AttributeError: 'RuntimeLLMProvider' object has no attribute 'is_free'

core\tests\test_runtime_llm_provider.py:91: AttributeError
_______________________ test_llm_provider_is_free_groq ________________________

    def test_llm_provider_is_free_groq():
        provider = RuntimeLLMProvider(provider="groq", api_key="key")
>       assert provider.is_free() is True
               ^^^^^^^^^^^^^^^^
E       AttributeError: 'RuntimeLLMProvider' object has no attribute 'is_free'

core\tests\test_runtime_llm_provider.py:96: AttributeError
____________________ test_llm_provider_is_not_free_openai _____________________

    def test_llm_provider_is_not_free_openai():
        provider = RuntimeLLMProvider(provider="openai", api_key="key")
>       assert provider.is_free() is False
               ^^^^^^^^^^^^^^^^
E       AttributeError: 'RuntimeLLMProvider' object has no attribute 'is_free'

core\tests\test_runtime_llm_provider.py:101: AttributeError
______________________ test_groq_default_model_is_llama _______________________

    def test_groq_default_model_is_llama():
        provider = RuntimeLLMProvider(provider="groq", model="llama3-8b-8192", api_key="gsk_test")
>       assert "llama" in provider.get_model()
                          ^^^^^^^^^^^^^^^^^^
E       AttributeError: 'RuntimeLLMProvider' object has no attribute 'get_model'

core\tests\test_runtime_llm_provider_groq.py:12: AttributeError
______________________________ test_groq_is_free ______________________________

    def test_groq_is_free():
        provider = RuntimeLLMProvider(provider="groq", api_key="key")
>       assert provider.is_free() is True
               ^^^^^^^^^^^^^^^^
E       AttributeError: 'RuntimeLLMProvider' object has no attribute 'is_free'

core\tests\test_runtime_llm_provider_groq.py:27: AttributeError
___________________________ test_groq_custom_model ____________________________

    def test_groq_custom_model():
        provider = RuntimeLLMProvider(provider="groq", model="mixtral-8x7b-32768", api_key="key")
>       assert provider.get_model() == "mixtral-8x7b-32768"
               ^^^^^^^^^^^^^^^^^^
E       AttributeError: 'RuntimeLLMProvider' object has no attribute 'get_model'

core\tests\test_runtime_llm_provider_groq.py:32: AttributeError
__________________________ test_runtime_patch_engine __________________________

    def test_runtime_patch_engine():
        engine = RuntimePatchEngine()
        applier = RuntimePatchApplier()
    
>       patch = engine.generate_patch(
                ^^^^^^^^^^^^^^^^^^^^^
            "test.py",
            "hello",
            "goodbye",
        )
E       AttributeError: 'RuntimePatchEngine' object has no attribute 'generate_patch'. Did you mean: 'generate_diff'?

core\tests\test_runtime_patch_engine.py:14: AttributeError
_______________________________ test_record_run _______________________________

make_run = <function make_run at 0x000002BBF366C720>

    def test_record_run(make_run=make_run):
        monitor = RuntimePipelineMonitor()
        run = make_run()
>       monitor.record(run)

core\tests\test_runtime_pipeline_monitor.py:21: 
_ _ _ _ _ _ _ _ _ _ _ _ _ _ _ _ _ _ _ _ _ _ _ _ _ _ _ _ _ _ _ _ _ _ _ _ _ _ _ _
core\runtime\runtime_pipeline_monitor.py:45: in record
    self.metrics.record_run(run)
_ _ _ _ _ _ _ _ _ _ _ _ _ _ _ _ _ _ _ _ _ _ _ _ _ _ _ _ _ _ _ _ _ _ _ _ _ _ _ _

self = <core.runtime.runtime_pipeline_monitor.PipelineMetrics object at 0x000002BBF39E5790>
run = <core.runtime.runtime_autonomous_pipeline.PipelineRun object at 0x000002BBF39E58B0>

    def record_run(self, run):
        self.total_runs += 1
    
>       if run.get("status") == "completed":
           ^^^^^^^
E       AttributeError: 'PipelineRun' object has no attribute 'get'

core\runtime\runtime_pipeline_monitor.py:19: AttributeError
____________________________ test_success_rate_100 ____________________________

make_run = <function make_run at 0x000002BBF366C720>

    def test_success_rate_100(make_run=make_run):
        monitor = RuntimePipelineMonitor()
>       monitor.record(make_run("completed"))

core\tests\test_runtime_pipeline_monitor.py:27: 
_ _ _ _ _ _ _ _ _ _ _ _ _ _ _ _ _ _ _ _ _ _ _ _ _ _ _ _ _ _ _ _ _ _ _ _ _ _ _ _
core\runtime\runtime_pipeline_monitor.py:45: in record
    self.metrics.record_run(run)
_ _ _ _ _ _ _ _ _ _ _ _ _ _ _ _ _ _ _ _ _ _ _ _ _ _ _ _ _ _ _ _ _ _ _ _ _ _ _ _

self = <core.runtime.runtime_pipeline_monitor.PipelineMetrics object at 0x000002BBF39E6D20>
run = <core.runtime.runtime_autonomous_pipeline.PipelineRun object at 0x000002BBF39E6C90>

    def record_run(self, run):
        self.total_runs += 1
    
>       if run.get("status") == "completed":
           ^^^^^^^
E       AttributeError: 'PipelineRun' object has no attribute 'get'

core\runtime\runtime_pipeline_monitor.py:19: AttributeError
____________________________ test_success_rate_50 _____________________________

make_run = <function make_run at 0x000002BBF366C720>

    def test_success_rate_50(make_run=make_run):
        monitor = RuntimePipelineMonitor()
>       monitor.record(make_run("completed"))

core\tests\test_runtime_pipeline_monitor.py:34: 
_ _ _ _ _ _ _ _ _ _ _ _ _ _ _ _ _ _ _ _ _ _ _ _ _ _ _ _ _ _ _ _ _ _ _ _ _ _ _ _
core\runtime\runtime_pipeline_monitor.py:45: in record
    self.metrics.record_run(run)
_ _ _ _ _ _ _ _ _ _ _ _ _ _ _ _ _ _ _ _ _ _ _ _ _ _ _ _ _ _ _ _ _ _ _ _ _ _ _ _

self = <core.runtime.runtime_pipeline_monitor.PipelineMetrics object at 0x000002BBF39E3770>
run = <core.runtime.runtime_autonomous_pipeline.PipelineRun object at 0x000002BBF39E0BF0>

    def record_run(self, run):
        self.total_runs += 1
    
>       if run.get("status") == "completed":
           ^^^^^^^
E       AttributeError: 'PipelineRun' object has no attribute 'get'

core\runtime\runtime_pipeline_monitor.py:19: AttributeError
__________________________ test_total_files_tracked ___________________________

make_run = <function make_run at 0x000002BBF366C720>

    def test_total_files_tracked(make_run=make_run):
        monitor = RuntimePipelineMonitor()
>       monitor.record(make_run(files=3))

core\tests\test_runtime_pipeline_monitor.py:41: 
_ _ _ _ _ _ _ _ _ _ _ _ _ _ _ _ _ _ _ _ _ _ _ _ _ _ _ _ _ _ _ _ _ _ _ _ _ _ _ _
core\runtime\runtime_pipeline_monitor.py:45: in record
    self.metrics.record_run(run)
_ _ _ _ _ _ _ _ _ _ _ _ _ _ _ _ _ _ _ _ _ _ _ _ _ _ _ _ _ _ _ _ _ _ _ _ _ _ _ _

self = <core.runtime.runtime_pipeline_monitor.PipelineMetrics object at 0x000002BBF39E3FE0>
run = <core.runtime.runtime_autonomous_pipeline.PipelineRun object at 0x000002BBF39E1250>

    def record_run(self, run):
        self.total_runs += 1
    
>       if run.get("status") == "completed":
           ^^^^^^^
E       AttributeError: 'PipelineRun' object has no attribute 'get'

core\runtime\runtime_pipeline_monitor.py:19: AttributeError
__________________________ test_total_tasks_tracked ___________________________

make_run = <function make_run at 0x000002BBF366C720>

    def test_total_tasks_tracked(make_run=make_run):
        monitor = RuntimePipelineMonitor()
>       monitor.record(make_run(tasks=4))

core\tests\test_runtime_pipeline_monitor.py:48: 
_ _ _ _ _ _ _ _ _ _ _ _ _ _ _ _ _ _ _ _ _ _ _ _ _ _ _ _ _ _ _ _ _ _ _ _ _ _ _ _
core\runtime\runtime_pipeline_monitor.py:45: in record
    self.metrics.record_run(run)
_ _ _ _ _ _ _ _ _ _ _ _ _ _ _ _ _ _ _ _ _ _ _ _ _ _ _ _ _ _ _ _ _ _ _ _ _ _ _ _

self = <core.runtime.runtime_pipeline_monitor.PipelineMetrics object at 0x000002BBF39E1640>
run = <core.runtime.runtime_autonomous_pipeline.PipelineRun object at 0x000002BBF39E1C40>

    def record_run(self, run):
        self.total_runs += 1
    
>       if run.get("status") == "completed":
           ^^^^^^^
E       AttributeError: 'PipelineRun' object has no attribute 'get'

core\runtime\runtime_pipeline_monitor.py:19: AttributeError
______________________________ test_get_summary _______________________________

make_run = <function make_run at 0x000002BBF366C720>

    def test_get_summary(make_run=make_run):
        monitor = RuntimePipelineMonitor()
>       monitor.record(make_run())

core\tests\test_runtime_pipeline_monitor.py:55: 
_ _ _ _ _ _ _ _ _ _ _ _ _ _ _ _ _ _ _ _ _ _ _ _ _ _ _ _ _ _ _ _ _ _ _ _ _ _ _ _
core\runtime\runtime_pipeline_monitor.py:45: in record
    self.metrics.record_run(run)
_ _ _ _ _ _ _ _ _ _ _ _ _ _ _ _ _ _ _ _ _ _ _ _ _ _ _ _ _ _ _ _ _ _ _ _ _ _ _ _

self = <core.runtime.runtime_pipeline_monitor.PipelineMetrics object at 0x000002BBF395E360>
run = <core.runtime.runtime_autonomous_pipeline.PipelineRun object at 0x000002BBF395CEC0>

    def record_run(self, run):
        self.total_runs += 1
    
>       if run.get("status") == "completed":
           ^^^^^^^
E       AttributeError: 'PipelineRun' object has no attribute 'get'

core\runtime\runtime_pipeline_monitor.py:19: AttributeError
____________________________ test_get_recent_runs _____________________________

make_run = <function make_run at 0x000002BBF366C720>

    def test_get_recent_runs(make_run=make_run):
        monitor = RuntimePipelineMonitor()
        for i in range(5):
>           monitor.record(make_run())

core\tests\test_runtime_pipeline_monitor.py:65: 
_ _ _ _ _ _ _ _ _ _ _ _ _ _ _ _ _ _ _ _ _ _ _ _ _ _ _ _ _ _ _ _ _ _ _ _ _ _ _ _
core\runtime\runtime_pipeline_monitor.py:45: in record
    self.metrics.record_run(run)
_ _ _ _ _ _ _ _ _ _ _ _ _ _ _ _ _ _ _ _ _ _ _ _ _ _ _ _ _ _ _ _ _ _ _ _ _ _ _ _

self = <core.runtime.runtime_pipeline_monitor.PipelineMetrics object at 0x000002BBF395F110>
run = <core.runtime.runtime_autonomous_pipeline.PipelineRun object at 0x000002BBF395DD60>

    def record_run(self, run):
        self.total_runs += 1
    
>       if run.get("status") == "completed":
           ^^^^^^^
E       AttributeError: 'PipelineRun' object has no attribute 'get'

core\runtime\runtime_pipeline_monitor.py:19: AttributeError
____________________________ test_failure_patterns ____________________________

make_run = <function make_run at 0x000002BBF366C720>

    def test_failure_patterns(make_run=make_run):
        monitor = RuntimePipelineMonitor()
>       monitor.record(make_run("failed", error="LLM timeout"))

core\tests\test_runtime_pipeline_monitor.py:72: 
_ _ _ _ _ _ _ _ _ _ _ _ _ _ _ _ _ _ _ _ _ _ _ _ _ _ _ _ _ _ _ _ _ _ _ _ _ _ _ _
core\runtime\runtime_pipeline_monitor.py:45: in record
    self.metrics.record_run(run)
_ _ _ _ _ _ _ _ _ _ _ _ _ _ _ _ _ _ _ _ _ _ _ _ _ _ _ _ _ _ _ _ _ _ _ _ _ _ _ _

self = <core.runtime.runtime_pipeline_monitor.PipelineMetrics object at 0x000002BBF395FB60>
run = <core.runtime.runtime_autonomous_pipeline.PipelineRun object at 0x000002BBF395ED20>

    def record_run(self, run):
        self.total_runs += 1
    
>       if run.get("status") == "completed":
           ^^^^^^^
E       AttributeError: 'PipelineRun' object has no attribute 'get'

core\runtime\runtime_pipeline_monitor.py:19: AttributeError
_________________________________ test_reset __________________________________

make_run = <function make_run at 0x000002BBF366C720>

    def test_reset(make_run=make_run):
        monitor = RuntimePipelineMonitor()
>       monitor.record(make_run())

core\tests\test_runtime_pipeline_monitor.py:80: 
_ _ _ _ _ _ _ _ _ _ _ _ _ _ _ _ _ _ _ _ _ _ _ _ _ _ _ _ _ _ _ _ _ _ _ _ _ _ _ _
core\runtime\runtime_pipeline_monitor.py:45: in record
    self.metrics.record_run(run)
_ _ _ _ _ _ _ _ _ _ _ _ _ _ _ _ _ _ _ _ _ _ _ _ _ _ _ _ _ _ _ _ _ _ _ _ _ _ _ _

self = <core.runtime.runtime_pipeline_monitor.PipelineMetrics object at 0x000002BBF395F440>
run = <core.runtime.runtime_autonomous_pipeline.PipelineRun object at 0x000002BBF395F080>

    def record_run(self, run):
        self.total_runs += 1
    
>       if run.get("status") == "completed":
           ^^^^^^^
E       AttributeError: 'PipelineRun' object has no attribute 'get'

core\runtime\runtime_pipeline_monitor.py:19: AttributeError
______________________________ test_avg_duration ______________________________

make_run = <function make_run at 0x000002BBF366C720>

    def test_avg_duration(make_run=make_run):
        monitor = RuntimePipelineMonitor()
>       monitor.record(make_run())

core\tests\test_runtime_pipeline_monitor.py:88: 
_ _ _ _ _ _ _ _ _ _ _ _ _ _ _ _ _ _ _ _ _ _ _ _ _ _ _ _ _ _ _ _ _ _ _ _ _ _ _ _
core\runtime\runtime_pipeline_monitor.py:45: in record
    self.metrics.record_run(run)
_ _ _ _ _ _ _ _ _ _ _ _ _ _ _ _ _ _ _ _ _ _ _ _ _ _ _ _ _ _ _ _ _ _ _ _ _ _ _ _

self = <core.runtime.runtime_pipeline_monitor.PipelineMetrics object at 0x000002BBF395C680>
run = <core.runtime.runtime_autonomous_pipeline.PipelineRun object at 0x000002BBF395D400>

    def record_run(self, run):
        self.total_runs += 1
    
>       if run.get("status") == "completed":
           ^^^^^^^
E       AttributeError: 'PipelineRun' object has no attribute 'get'

core\runtime\runtime_pipeline_monitor.py:19: AttributeError
____________________________ test_metrics_to_dict _____________________________

make_run = <function make_run at 0x000002BBF366C720>

    def test_metrics_to_dict(make_run=make_run):
        monitor = RuntimePipelineMonitor()
>       monitor.record(make_run())

core\tests\test_runtime_pipeline_monitor.py:94: 
_ _ _ _ _ _ _ _ _ _ _ _ _ _ _ _ _ _ _ _ _ _ _ _ _ _ _ _ _ _ _ _ _ _ _ _ _ _ _ _
core\runtime\runtime_pipeline_monitor.py:45: in record
    self.metrics.record_run(run)
_ _ _ _ _ _ _ _ _ _ _ _ _ _ _ _ _ _ _ _ _ _ _ _ _ _ _ _ _ _ _ _ _ _ _ _ _ _ _ _

self = <core.runtime.runtime_pipeline_monitor.PipelineMetrics object at 0x000002BBF39842C0>
run = <core.runtime.runtime_autonomous_pipeline.PipelineRun object at 0x000002BBF3987C20>

    def record_run(self, run):
        self.total_runs += 1
    
>       if run.get("status") == "completed":
           ^^^^^^^
E       AttributeError: 'PipelineRun' object has no attribute 'get'

core\runtime\runtime_pipeline_monitor.py:19: AttributeError
___________________________ test_build_api_has_app ____________________________

    def test_build_api_has_app():
        builder = make_builder()
        bp = builder.build("my_api", project_type="api", description="rest api")
>       assert "app.py" in bp.files
E       AssertionError: assert 'app.py' in {}
E        +  where {} = <core.runtime.runtime_project_builder.ProjectBlueprint object at 0x000002BBF395EFC0>.files

core\tests\test_runtime_project_builder.py:26: AssertionError
_________________________ test_build_library_has_init _________________________

    def test_build_library_has_init():
        builder = make_builder()
        bp = builder.build("my_lib", project_type="library", description="python lib")
        file_keys = list(bp.files.keys())
>       assert any("__init__.py" in k for k in file_keys)
E       assert False
E        +  where False = any(<generator object test_build_library_has_init.<locals>.<genexpr> at 0x000002BBF4B02190>)

core\tests\test_runtime_project_builder.py:33: AssertionError
________________________ test_build_script_has_readme _________________________

    def test_build_script_has_readme():
        builder = make_builder()
        bp = builder.build("my_script", project_type="script")
>       assert "README.md" in bp.files
E       assert 'README.md' in {'main.py': 'print("my_script running")'}
E        +  where {'main.py': 'print("my_script running")'} = <core.runtime.runtime_project_builder.ProjectBlueprint object at 0x000002BBF395DA60>.files

core\tests\test_runtime_project_builder.py:39: AssertionError
__________________________ test_build_cli_has_tests ___________________________

    def test_build_cli_has_tests():
        builder = make_builder()
        bp = builder.build("test_cli", project_type="cli")
>       assert any("test" in k for k in bp.files)
E       assert False
E        +  where False = any(<generator object test_build_cli_has_tests.<locals>.<genexpr> at 0x000002BBF4A34450>)

core\tests\test_runtime_project_builder.py:45: AssertionError
_________________________ test_build_history_recorded _________________________

    def test_build_history_recorded():
        builder = make_builder()
        builder.build("proj_a", project_type="script")
        builder.build("proj_b", project_type="cli")
>       assert len(builder.get_build_history()) == 2
                   ^^^^^^^^^^^^^^^^^^^^^^^^^
E       AttributeError: 'RuntimeProjectBuilder' object has no attribute 'get_build_history'

core\tests\test_runtime_project_builder.py:64: AttributeError
___________________________ test_blueprint_to_dict ____________________________

    def test_blueprint_to_dict():
        builder = make_builder()
        bp = builder.build("dict_test", project_type="api")
        d = bp.to_dict()
        assert "name" in d
>       assert "project_type" in d
E       AssertionError: assert 'project_type' in {'created_at': '2026-06-30T04:29:21.471520', 'files': [], 'name': 'dict_test', 'type': 'api'}

core\tests\test_runtime_project_builder.py:72: AssertionError
____________________________ test_supported_types _____________________________

    def test_supported_types():
        builder = make_builder()
>       types = builder.get_supported_types()
                ^^^^^^^^^^^^^^^^^^^^^^^^^^^
E       AttributeError: 'RuntimeProjectBuilder' object has no attribute 'get_supported_types'

core\tests\test_runtime_project_builder.py:78: AttributeError
__________________________ test_build_writes_to_disk __________________________

tmp_path = WindowsPath('C:/Users/shado/AppData/Local/Temp/pytest-of-shado/pytest-7335/test_build_writes_to_disk0')

    def test_build_writes_to_disk(tmp_path):
        from core.runtime.runtime_code_writer import RuntimeCodeWriter
        writer = RuntimeCodeWriter(base_dir=str(tmp_path))
>       builder = RuntimeProjectBuilder(code_writer=writer)
                  ^^^^^^^^^^^^^^^^^^^^^^^^^^^^^^^^^^^^^^^^^
E       TypeError: RuntimeProjectBuilder.__init__() got an unexpected keyword argument 'code_writer'

core\tests\test_runtime_project_builder.py:87: TypeError
________________________ test_project_entry_point_set _________________________

    def test_project_entry_point_set():
        builder = make_builder()
        bp = builder.build("ep_test", project_type="cli")
>       assert bp.entry_point == "main.py"
               ^^^^^^^^^^^^^^
E       AttributeError: 'ProjectBlueprint' object has no attribute 'entry_point'

core\tests\test_runtime_project_builder.py:95: AttributeError
_________________________________ test_queue __________________________________

    def test_queue():
        # This test covers the legacy RuntimeQueue stub.
        # The full priority queue is tested in test_runtime_task_queue.py
>       from core.runtime.runtime_task_queue import RuntimeTaskQueue
E       ModuleNotFoundError: No module named 'core.runtime.runtime_task_queue'

core\tests\test_runtime_queue.py:7: ModuleNotFoundError
_____________________ test_plan_prioritizes_high_priority _____________________

    def test_plan_prioritizes_high_priority():
        targets = [
            {"module": "mod_a", "reason": "missing_test", "priority": "medium"},
            {"module": "mod_b", "reason": "likely_stub", "priority": "high"},
        ]
        loop = RuntimeSelfImprovementLoop(make_mock_analyzer(targets), make_mock_pipeline())
        plan = loop.analyze_and_plan()
>       assert plan.targets[0]["module"] == "mod_b"
E       AssertionError: assert 'system_self_check' == 'mod_b'
E         
E         - mod_b
E         + system_self_check

core\tests\test_runtime_self_improvement_loop.py:42: AssertionError
_______________________ test_execute_plan_runs_pipeline _______________________

    def test_execute_plan_runs_pipeline():
        pipeline = make_mock_pipeline()
        loop = RuntimeSelfImprovementLoop(make_mock_analyzer(), pipeline)
        plan = loop.analyze_and_plan()
>       loop.execute_plan(plan)
        ^^^^^^^^^^^^^^^^^
E       AttributeError: 'RuntimeSelfImprovementLoop' object has no attribute 'execute_plan'

core\tests\test_runtime_self_improvement_loop.py:49: AttributeError
______________________ test_execute_plan_marks_executed _______________________

    def test_execute_plan_marks_executed():
        loop = RuntimeSelfImprovementLoop(make_mock_analyzer(), make_mock_pipeline())
        plan = loop.analyze_and_plan()
>       loop.execute_plan(plan)
        ^^^^^^^^^^^^^^^^^
E       AttributeError: 'RuntimeSelfImprovementLoop' object has no attribute 'execute_plan'

core\tests\test_runtime_self_improvement_loop.py:56: AttributeError
______________________ test_execute_plan_records_results ______________________

    def test_execute_plan_records_results():
        loop = RuntimeSelfImprovementLoop(make_mock_analyzer(), make_mock_pipeline())
        plan = loop.analyze_and_plan()
>       loop.execute_plan(plan)
        ^^^^^^^^^^^^^^^^^
E       AttributeError: 'RuntimeSelfImprovementLoop' object has no attribute 'execute_plan'

core\tests\test_runtime_self_improvement_loop.py:63: AttributeError
_________________________ test_run_cycle_returns_plan _________________________

    def test_run_cycle_returns_plan():
        loop = RuntimeSelfImprovementLoop(make_mock_analyzer(), make_mock_pipeline())
>       plan = loop.run_cycle()
               ^^^^^^^^^^^^^^
E       AttributeError: 'RuntimeSelfImprovementLoop' object has no attribute 'run_cycle'

core\tests\test_runtime_self_improvement_loop.py:71: AttributeError
___________________ test_run_cycle_no_targets_returns_none ____________________

    def test_run_cycle_no_targets_returns_none():
        # Pass explicit empty list to override defaults
        empty_analyzer = MagicMock()
        empty_analyzer.get_improvement_targets.return_value = []
        loop = RuntimeSelfImprovementLoop(empty_analyzer, make_mock_pipeline())
>       result = loop.run_cycle()
                 ^^^^^^^^^^^^^^
E       AttributeError: 'RuntimeSelfImprovementLoop' object has no attribute 'run_cycle'

core\tests\test_runtime_self_improvement_loop.py:81: AttributeError
______________________ test_improvement_history_recorded ______________________

    def test_improvement_history_recorded():
        loop = RuntimeSelfImprovementLoop(make_mock_analyzer(), make_mock_pipeline())
>       loop.run_cycle()
        ^^^^^^^^^^^^^^
E       AttributeError: 'RuntimeSelfImprovementLoop' object has no attribute 'run_cycle'

core\tests\test_runtime_self_improvement_loop.py:87: AttributeError
_____________________________ test_get_last_plan ______________________________

    def test_get_last_plan():
        loop = RuntimeSelfImprovementLoop(make_mock_analyzer(), make_mock_pipeline())
>       loop.run_cycle()
        ^^^^^^^^^^^^^^
E       AttributeError: 'RuntimeSelfImprovementLoop' object has no attribute 'run_cycle'

core\tests\test_runtime_self_improvement_loop.py:94: AttributeError
______________________ test_build_objective_missing_test ______________________

    def test_build_objective_missing_test():
        loop = RuntimeSelfImprovementLoop(make_mock_analyzer(), make_mock_pipeline())
>       obj = loop._build_objective("runtime_example", "missing_test")
              ^^^^^^^^^^^^^^^^^^^^^
E       AttributeError: 'RuntimeSelfImprovementLoop' object has no attribute '_build_objective'

core\tests\test_runtime_self_improvement_loop.py:102: AttributeError
__________________________ test_build_objective_stub __________________________

    def test_build_objective_stub():
        loop = RuntimeSelfImprovementLoop(make_mock_analyzer(), make_mock_pipeline())
>       obj = loop._build_objective("runtime_stub", "likely_stub")
              ^^^^^^^^^^^^^^^^^^^^^
E       AttributeError: 'RuntimeSelfImprovementLoop' object has no attribute '_build_objective'

core\tests\test_runtime_self_improvement_loop.py:109: AttributeError
___________________________ test_max_targets_limit ____________________________

    def test_max_targets_limit():
        targets = [
            {"module": f"mod_{i}", "reason": "missing_test", "priority": "medium"}
            for i in range(10)
        ]
>       loop = RuntimeSelfImprovementLoop(
            make_mock_analyzer(targets), make_mock_pipeline(), max_targets_per_run=3
        )
E       TypeError: RuntimeSelfImprovementLoop.__init__() got an unexpected keyword argument 'max_targets_per_run'

core\tests\test_runtime_self_improvement_loop.py:118: TypeError
__________________________ test_write_and_read_file ___________________________

manager = <core.runtime.runtime_workspace_manager.RuntimeWorkspaceManager object at 0x000002BBF4A99910>

    def test_write_and_read_file(manager):
        ws = manager.create_workspace("ws_rw")
        ws.write_file("hello.txt", "hello umbra")
>       content = ws.read_file("hello.txt")
                  ^^^^^^^^^^^^
E       AttributeError: 'Workspace' object has no attribute 'read_file'

core\tests\test_runtime_workspace_manager.py:27: AttributeError
______________________________ test_file_exists _______________________________

manager = <core.runtime.runtime_workspace_manager.RuntimeWorkspaceManager object at 0x000002BBF4A8E9F0>

    def test_file_exists(manager):
        ws = manager.create_workspace("ws_ex")
>       assert not ws.file_exists("missing.txt")
                   ^^^^^^^^^^^^^^
E       AttributeError: 'Workspace' object has no attribute 'file_exists'

core\tests\test_runtime_workspace_manager.py:33: AttributeError
______________________________ test_delete_file _______________________________

manager = <core.runtime.runtime_workspace_manager.RuntimeWorkspaceManager object at 0x000002BBF4A8EBD0>

    def test_delete_file(manager):
        ws = manager.create_workspace("ws_del")
        ws.write_file("del_me.txt", "bye")
        result = ws.delete_file("del_me.txt")
        assert result is True
>       assert not ws.file_exists("del_me.txt")
                   ^^^^^^^^^^^^^^
E       AttributeError: 'Workspace' object has no attribute 'file_exists'

core\tests\test_runtime_workspace_manager.py:51: AttributeError
___________________________ test_destroy_workspace ____________________________

manager = <core.runtime.runtime_workspace_manager.RuntimeWorkspaceManager object at 0x000002BBF4A929F0>

    def test_destroy_workspace(manager):
        ws = manager.create_workspace("ws_destroy")
        path = ws.base_path
        manager.destroy_workspace("ws_destroy")
        assert not os.path.exists(path)
>       assert not manager.workspace_exists("ws_destroy")
                   ^^^^^^^^^^^^^^^^^^^^^^^^
E       AttributeError: 'RuntimeWorkspaceManager' object has no attribute 'workspace_exists'

core\tests\test_runtime_workspace_manager.py:59: AttributeError
__________________________ test_snapshot_and_restore __________________________

manager = <core.runtime.runtime_workspace_manager.RuntimeWorkspaceManager object at 0x000002BBF4A8E360>

    def test_snapshot_and_restore(manager):
        ws = manager.create_workspace("ws_snap")
        ws.write_file("original.txt", "before snapshot")
>       snap_path = manager.snapshot_workspace("ws_snap", "snap1")
                    ^^^^^^^^^^^^^^^^^^^^^^^^^^
E       AttributeError: 'RuntimeWorkspaceManager' object has no attribute 'snapshot_workspace'

core\tests\test_runtime_workspace_manager.py:65: AttributeError
____________________________ test_list_workspaces _____________________________

manager = <core.runtime.runtime_workspace_manager.RuntimeWorkspaceManager object at 0x000002BBF4A8F3B0>

    def test_list_workspaces(manager):
        manager.create_workspace("ws_x")
        manager.create_workspace("ws_y")
>       assert set(manager.list_workspaces()) == {"ws_x", "ws_y"}
                   ^^^^^^^^^^^^^^^^^^^^^^^
E       AttributeError: 'RuntimeWorkspaceManager' object has no attribute 'list_workspaces'. Did you mean: 'get_workspace'?

core\tests\test_runtime_workspace_manager.py:75: AttributeError
____________________________ test_workspace_exists ____________________________

manager = <core.runtime.runtime_workspace_manager.RuntimeWorkspaceManager object at 0x000002BBF3843C80>

    def test_workspace_exists(manager):
>       assert not manager.workspace_exists("missing")
                   ^^^^^^^^^^^^^^^^^^^^^^^^
E       AttributeError: 'RuntimeWorkspaceManager' object has no attribute 'workspace_exists'

core\tests\test_runtime_workspace_manager.py:79: AttributeError
___________________________ test_workspace_to_dict ____________________________

manager = <core.runtime.runtime_workspace_manager.RuntimeWorkspaceManager object at 0x000002BBF37E0AA0>

    def test_workspace_to_dict(manager):
        ws = manager.create_workspace("ws_dict")
        ws.write_file("f.py", "x=1")
>       d = ws.to_dict()
            ^^^^^^^^^^
E       AttributeError: 'Workspace' object has no attribute 'to_dict'

core\tests\test_runtime_workspace_manager.py:87: AttributeError
_______________________ test_build_runtime_returns_dict _______________________

    def test_build_runtime_returns_dict():
>       from umbra import build_runtime
E       ModuleNotFoundError: No module named 'umbra'

core\tests\test_umbra_entry.py:13: ModuleNotFoundError
______________________ test_runtime_pipeline_functional _______________________

    def test_runtime_pipeline_functional():
>       from umbra import build_runtime
E       ModuleNotFoundError: No module named 'umbra'

core\tests\test_umbra_entry.py:26: ModuleNotFoundError
__________________________ test_llm_provider_present __________________________

    def test_llm_provider_present():
>       from umbra import build_runtime
E       ModuleNotFoundError: No module named 'umbra'

core\tests\test_umbra_entry.py:32: ModuleNotFoundError
___________________________ test_print_config_runs ____________________________

capsys = <_pytest.capture.CaptureFixture object at 0x000002BBF4A9DD00>

    def test_print_config_runs(capsys):
>       from umbra import print_config
E       ModuleNotFoundError: No module named 'umbra'

core\tests\test_umbra_entry.py:38: ModuleNotFoundError
___________________________ test_print_status_runs ____________________________

capsys = <_pytest.capture.CaptureFixture object at 0x000002BBF4A9C0B0>

    def test_print_status_runs(capsys):
>       from umbra import build_runtime, print_status
E       ModuleNotFoundError: No module named 'umbra'

core\tests\test_umbra_entry.py:46: ModuleNotFoundError
________________________ test_run_prompt_uses_pipeline ________________________

    def test_run_prompt_uses_pipeline():
>       from umbra import build_runtime, run_prompt
E       ModuleNotFoundError: No module named 'umbra'

core\tests\test_umbra_entry.py:54: ModuleNotFoundError
__________________________ test_extractor_in_runtime __________________________

    def test_extractor_in_runtime():
>       from umbra import build_runtime
E       ModuleNotFoundError: No module named 'umbra'

core\tests\test_umbra_entry.py:81: ModuleNotFoundError
_______________________ test_session_manager_in_runtime _______________________

    def test_session_manager_in_runtime():
>       from umbra import build_runtime
E       ModuleNotFoundError: No module named 'umbra'

core\tests\test_umbra_entry.py:88: ModuleNotFoundError
_________________________ test_code_runner_in_runtime _________________________

    def test_code_runner_in_runtime():
>       from umbra import build_runtime
E       ModuleNotFoundError: No module named 'umbra'

core\tests\test_umbra_entry.py:94: ModuleNotFoundError
_______________________ test_config_manager_in_runtime ________________________

    def test_config_manager_in_runtime():
>       from umbra import build_runtime
E       ModuleNotFoundError: No module named 'umbra'

core\tests\test_umbra_entry.py:102: ModuleNotFoundError
________________________ test_memory_store_in_runtime _________________________

    def test_memory_store_in_runtime():
>       from umbra import build_runtime
E       ModuleNotFoundError: No module named 'umbra'

core\tests\test_umbra_entry.py:108: ModuleNotFoundError
______________________ test_pipeline_monitor_in_runtime _______________________

    def test_pipeline_monitor_in_runtime():
>       from umbra import build_runtime
E       ModuleNotFoundError: No module named 'umbra'

core\tests\test_umbra_entry.py:116: ModuleNotFoundError
_______________________ test_health_monitor_in_runtime ________________________

    def test_health_monitor_in_runtime():
>       from umbra import build_runtime
E       ModuleNotFoundError: No module named 'umbra'

core\tests\test_umbra_entry.py:122: ModuleNotFoundError
___________________________ test_print_metrics_runs ___________________________

capsys = <_pytest.capture.CaptureFixture object at 0x000002BBF4A8A4E0>

    def test_print_metrics_runs(capsys):
>       from umbra import build_runtime, print_metrics
E       ModuleNotFoundError: No module named 'umbra'

core\tests\test_umbra_entry.py:128: ModuleNotFoundError
__________________________ test_reviewer_in_runtime ___________________________

    def test_reviewer_in_runtime():
>       from umbra import build_runtime
E       ModuleNotFoundError: No module named 'umbra'

core\tests\test_umbra_entry.py:136: ModuleNotFoundError
__________________________ test_replayer_in_runtime ___________________________

    def test_replayer_in_runtime():
>       from umbra import build_runtime
E       ModuleNotFoundError: No module named 'umbra'

core\tests\test_umbra_entry.py:142: ModuleNotFoundError
________________________ test_run_validator_in_runtime ________________________

    def test_run_validator_in_runtime():
>       from umbra import build_runtime
E       ModuleNotFoundError: No module named 'umbra'

core\tests\test_umbra_entry.py:148: ModuleNotFoundError
____________________________ test_scheduler_starts ____________________________

    def test_scheduler_starts():
>       from umbra import build_runtime
E       ModuleNotFoundError: No module named 'umbra'

core\tests\test_umbra_entry.py:154: ModuleNotFoundError
_____________________ test_conversation_engine_in_runtime _____________________

    def test_conversation_engine_in_runtime():
>       from umbra import build_runtime
E       ModuleNotFoundError: No module named 'umbra'

core\tests\test_umbra_entry.py:163: ModuleNotFoundError
_________________________ test_game_tester_in_runtime _________________________

    def test_game_tester_in_runtime():
>       from umbra import build_runtime
E       ModuleNotFoundError: No module named 'umbra'

core\tests\test_umbra_entry.py:172: ModuleNotFoundError
_______________________ test_image_generator_in_runtime _______________________

    def test_image_generator_in_runtime():
>       from umbra import build_runtime
E       ModuleNotFoundError: No module named 'umbra'

core\tests\test_umbra_entry.py:180: ModuleNotFoundError
_________________________ test_voice_input_in_runtime _________________________

    def test_voice_input_in_runtime():
>       from umbra import build_runtime
E       ModuleNotFoundError: No module named 'umbra'

core\tests\test_umbra_entry.py:189: ModuleNotFoundError
______________________ test_direct_generator_in_runtime _______________________

    def test_direct_generator_in_runtime():
>       from umbra import build_runtime
E       ModuleNotFoundError: No module named 'umbra'

core\tests\test_umbra_entry.py:196: ModuleNotFoundError
_______________________ test_project_manager_in_runtime _______________________

    def test_project_manager_in_runtime():
>       from umbra import build_runtime
E       ModuleNotFoundError: No module named 'umbra'

core\tests\test_umbra_entry.py:205: ModuleNotFoundError
________________________ test_studio_agents_in_runtime ________________________

    def test_studio_agents_in_runtime():
>       from umbra import build_runtime
E       ModuleNotFoundError: No module named 'umbra'

core\tests\test_umbra_entry.py:215: ModuleNotFoundError
============================== warnings summary ===============================
venv\Lib\site-packages\_pytest\config\__init__.py:1434
  C:\Umbra\venv\Lib\site-packages\_pytest\config\__init__.py:1434: PytestConfigWarning: Unknown config option: ignore
  
    self._warn_or_fail_if_strict(f"Unknown config option: {key}\n")

core/runtime/test_runtime_smoke.py::test_improvement_loop_basic
core/tests/test_runtime_self_improvement_loop.py::test_analyze_and_plan_returns_plan
core/tests/test_runtime_self_improvement_loop.py::test_plan_prioritizes_high_priority
core/tests/test_runtime_self_improvement_loop.py::test_execute_plan_runs_pipeline
core/tests/test_runtime_self_improvement_loop.py::test_execute_plan_marks_executed
core/tests/test_runtime_self_improvement_loop.py::test_execute_plan_records_results
core/tests/test_runtime_self_improvement_loop.py::test_improvement_plan_to_dict
  C:\Umbra\core\runtime\runtime_self_improvement_loop.py:12: DeprecationWarning: datetime.datetime.utcnow() is deprecated and scheduled for removal in a future version. Use timezone-aware objects to represent datetimes in UTC: datetime.datetime.now(datetime.UTC).
    self.generated_at = datetime.utcnow().isoformat()

test_dev_assistant.py::test_show_file
  C:\Umbra\venv\Lib\site-packages\_pytest\python.py:170: PytestReturnNotNoneWarning: Test functions should return None, but test_dev_assistant.py::test_show_file returned <class 'bool'>.
  Did you mean to use `assert` instead of `return`?
  See https://docs.pytest.org/en/stable/how-to/assert.html#return-not-none for more information.
    warnings.warn(

test_dev_assistant.py::test_show_file_range
  C:\Umbra\venv\Lib\site-packages\_pytest\python.py:170: PytestReturnNotNoneWarning: Test functions should return None, but test_dev_assistant.py::test_show_file_range returned <class 'bool'>.
  Did you mean to use `assert` instead of `return`?
  See https://docs.pytest.org/en/stable/how-to/assert.html#return-not-none for more information.
    warnings.warn(

test_dev_assistant.py::test_show_missing
  C:\Umbra\venv\Lib\site-packages\_pytest\python.py:170: PytestReturnNotNoneWarning: Test functions should return None, but test_dev_assistant.py::test_show_missing returned <class 'bool'>.
  Did you mean to use `assert` instead of `return`?
  See https://docs.pytest.org/en/stable/how-to/assert.html#return-not-none for more information.
    warnings.warn(

test_dev_assistant.py::test_search
  C:\Umbra\venv\Lib\site-packages\_pytest\python.py:170: PytestReturnNotNoneWarning: Test functions should return None, but test_dev_assistant.py::test_search returned <class 'bool'>.
  Did you mean to use `assert` instead of `return`?
  See https://docs.pytest.org/en/stable/how-to/assert.html#return-not-none for more information.
    warnings.warn(

test_dev_assistant.py::test_search_no_results
  C:\Umbra\venv\Lib\site-packages\_pytest\python.py:170: PytestReturnNotNoneWarning: Test functions should return None, but test_dev_assistant.py::test_search_no_results returned <class 'bool'>.
  Did you mean to use `assert` instead of `return`?
  See https://docs.pytest.org/en/stable/how-to/assert.html#return-not-none for more information.
    warnings.warn(

test_dev_assistant.py::test_list_files
  C:\Umbra\venv\Lib\site-packages\_pytest\python.py:170: PytestReturnNotNoneWarning: Test functions should return None, but test_dev_assistant.py::test_list_files returned <class 'bool'>.
  Did you mean to use `assert` instead of `return`?
  See https://docs.pytest.org/en/stable/how-to/assert.html#return-not-none for more information.
    warnings.warn(

test_dev_assistant.py::test_clear
  C:\Umbra\venv\Lib\site-packages\_pytest\python.py:170: PytestReturnNotNoneWarning: Test functions should return None, but test_dev_assistant.py::test_clear returned <class 'bool'>.
  Did you mean to use `assert` instead of `return`?
  See https://docs.pytest.org/en/stable/how-to/assert.html#return-not-none for more information.
    warnings.warn(

test_dev_assistant.py::test_process_show
  C:\Umbra\venv\Lib\site-packages\_pytest\python.py:170: PytestReturnNotNoneWarning: Test functions should return None, but test_dev_assistant.py::test_process_show returned <class 'bool'>.
  Did you mean to use `assert` instead of `return`?
  See https://docs.pytest.org/en/stable/how-to/assert.html#return-not-none for more information.
    warnings.warn(

test_dev_assistant.py::test_process_search
  C:\Umbra\venv\Lib\site-packages\_pytest\python.py:170: PytestReturnNotNoneWarning: Test functions should return None, but test_dev_assistant.py::test_process_search returned <class 'bool'>.
  Did you mean to use `assert` instead of `return`?
  See https://docs.pytest.org/en/stable/how-to/assert.html#return-not-none for more information.
    warnings.warn(

test_dev_assistant.py::test_process_passthrough
  C:\Umbra\venv\Lib\site-packages\_pytest\python.py:170: PytestReturnNotNoneWarning: Test functions should return None, but test_dev_assistant.py::test_process_passthrough returned <class 'bool'>.
  Did you mean to use `assert` instead of `return`?
  See https://docs.pytest.org/en/stable/how-to/assert.html#return-not-none for more information.
    warnings.warn(

test_dev_assistant.py::test_process_list
  C:\Umbra\venv\Lib\site-packages\_pytest\python.py:170: PytestReturnNotNoneWarning: Test functions should return None, but test_dev_assistant.py::test_process_list returned <class 'bool'>.
  Did you mean to use `assert` instead of `return`?
  See https://docs.pytest.org/en/stable/how-to/assert.html#return-not-none for more information.
    warnings.warn(

test_dev_assistant.py::test_player_has_active_quests
  C:\Umbra\venv\Lib\site-packages\_pytest\python.py:170: PytestReturnNotNoneWarning: Test functions should return None, but test_dev_assistant.py::test_player_has_active_quests returned <class 'bool'>.
  Did you mean to use `assert` instead of `return`?
  See https://docs.pytest.org/en/stable/how-to/assert.html#return-not-none for more information.
    warnings.warn(

test_dev_assistant.py::test_stitch_safety_patch
  C:\Umbra\venv\Lib\site-packages\_pytest\python.py:170: PytestReturnNotNoneWarning: Test functions should return None, but test_dev_assistant.py::test_stitch_safety_patch returned <class 'bool'>.
  Did you mean to use `assert` instead of `return`?
  See https://docs.pytest.org/en/stable/how-to/assert.html#return-not-none for more information.
    warnings.warn(

test_dev_assistant.py::test_umbra_has_dev_asst
  C:\Umbra\venv\Lib\site-packages\_pytest\python.py:170: PytestReturnNotNoneWarning: Test functions should return None, but test_dev_assistant.py::test_umbra_has_dev_asst returned <class 'bool'>.
  Did you mean to use `assert` instead of `return`?
  See https://docs.pytest.org/en/stable/how-to/assert.html#return-not-none for more information.
    warnings.warn(

test_dev_assistant.py::test_umbra_hooks_dev_asst
  C:\Umbra\venv\Lib\site-packages\_pytest\python.py:170: PytestReturnNotNoneWarning: Test functions should return None, but test_dev_assistant.py::test_umbra_hooks_dev_asst returned <class 'bool'>.
  Did you mean to use `assert` instead of `return`?
  See https://docs.pytest.org/en/stable/how-to/assert.html#return-not-none for more information.
    warnings.warn(

test_dev_assistant.py::test_clarify_gui_patch
  C:\Umbra\venv\Lib\site-packages\_pytest\python.py:170: PytestReturnNotNoneWarning: Test functions should return None, but test_dev_assistant.py::test_clarify_gui_patch returned <class 'bool'>.
  Did you mean to use `assert` instead of `return`?
  See https://docs.pytest.org/en/stable/how-to/assert.html#return-not-none for more information.
    warnings.warn(

-- Docs: https://docs.pytest.org/en/stable/how-to/capture-warnings.html
=========================== short test summary info ===========================
FAILED core/tests/test_runtime_agent_factory.py::test_runtime_agent_factory
FAILED core/tests/test_runtime_daemon.py::test_runtime_daemon - TypeError: Ru...
FAILED core/tests/test_runtime_daemon.py::test_daemon_starts - TypeError: Run...
FAILED core/tests/test_runtime_daemon.py::test_daemon_stops - TypeError: Runt...
FAILED core/tests/test_runtime_daemon.py::test_heartbeat_when_not_running - T...
FAILED core/tests/test_runtime_daemon.py::test_heartbeat_with_no_monitor - Ty...
FAILED core/tests/test_runtime_daemon.py::test_heartbeat_with_mock_monitor - ...
FAILED core/tests/test_runtime_daemon.py::test_get_uptime - TypeError: Runtim...
FAILED core/tests/test_runtime_daemon.py::test_started_at_set_on_start - Type...
FAILED core/tests/test_runtime_execution_graph.py::test_add_edge_and_dependency
FAILED core/tests/test_runtime_execution_graph.py::test_add_edge_missing_node_raises
FAILED core/tests/test_runtime_execution_graph.py::test_get_ready_nodes_no_deps
FAILED core/tests/test_runtime_execution_graph.py::test_get_ready_nodes_with_deps
FAILED core/tests/test_runtime_execution_graph.py::test_complete_unlocks_dependent
FAILED core/tests/test_runtime_execution_graph.py::test_failure_propagates_to_dependent
FAILED core/tests/test_runtime_execution_graph.py::test_retry_increments_count
FAILED core/tests/test_runtime_execution_graph.py::test_retry_exhausted - Att...
FAILED core/tests/test_runtime_execution_graph.py::test_is_complete_when_all_done
FAILED core/tests/test_runtime_execution_graph.py::test_summary - KeyError: '...
FAILED core/tests/test_runtime_execution_graph.py::test_export_and_restore - ...
FAILED core/tests/test_runtime_execution_graph.py::test_no_cycle_simple - Att...
FAILED core/tests/test_runtime_full_integration.py::test_full_pipeline_run_with_mock_llm
FAILED core/tests/test_runtime_full_integration.py::test_pipeline_monitor_records_run
FAILED core/tests/test_runtime_full_integration.py::test_memory_store_persists_run_result
FAILED core/tests/test_runtime_full_integration.py::test_memory_search_works
FAILED core/tests/test_runtime_full_integration.py::test_code_runner_executes_extracted_code
FAILED core/tests/test_runtime_full_integration.py::test_extractor_and_runner_pipeline
FAILED core/tests/test_runtime_full_integration.py::test_workspace_stores_pipeline_output
FAILED core/tests/test_runtime_handoff_generator.py::test_generate_creates_json_file
FAILED core/tests/test_runtime_handoff_generator.py::test_generate_handoff_has_required_keys
FAILED core/tests/test_runtime_handoff_generator.py::test_generate_markdown_creates_file
FAILED core/tests/test_runtime_handoff_generator.py::test_markdown_contains_provider
FAILED core/tests/test_runtime_handoff_generator.py::test_handoff_json_is_valid
FAILED core/tests/test_runtime_handoff_generator.py::test_next_steps_with_no_runs
FAILED core/tests/test_runtime_handoff_generator.py::test_session_stats_structure
FAILED core/tests/test_runtime_llm_provider.py::test_llm_provider_init_defaults
FAILED core/tests/test_runtime_llm_provider.py::test_llm_provider_anthropic_init
FAILED core/tests/test_runtime_llm_provider.py::test_llm_provider_groq_init
FAILED core/tests/test_runtime_llm_provider.py::test_llm_provider_groq_default_model
FAILED core/tests/test_runtime_llm_provider.py::test_llm_response_to_dict - A...
FAILED core/tests/test_runtime_llm_provider.py::test_llm_provider_unknown_provider_returns_error
FAILED core/tests/test_runtime_llm_provider.py::test_llm_provider_history_starts_empty
FAILED core/tests/test_runtime_llm_provider.py::test_llm_provider_custom_model
FAILED core/tests/test_runtime_llm_provider.py::test_llm_provider_is_free_ollama
FAILED core/tests/test_runtime_llm_provider.py::test_llm_provider_is_free_groq
FAILED core/tests/test_runtime_llm_provider.py::test_llm_provider_is_not_free_openai
FAILED core/tests/test_runtime_llm_provider_groq.py::test_groq_default_model_is_llama
FAILED core/tests/test_runtime_llm_provider_groq.py::test_groq_is_free - Attr...
FAILED core/tests/test_runtime_llm_provider_groq.py::test_groq_custom_model
FAILED core/tests/test_runtime_patch_engine.py::test_runtime_patch_engine - A...
FAILED core/tests/test_runtime_pipeline_monitor.py::test_record_run - Attribu...
FAILED core/tests/test_runtime_pipeline_monitor.py::test_success_rate_100 - A...
FAILED core/tests/test_runtime_pipeline_monitor.py::test_success_rate_50 - At...
FAILED core/tests/test_runtime_pipeline_monitor.py::test_total_files_tracked
FAILED core/tests/test_runtime_pipeline_monitor.py::test_total_tasks_tracked
FAILED core/tests/test_runtime_pipeline_monitor.py::test_get_summary - Attrib...
FAILED core/tests/test_runtime_pipeline_monitor.py::test_get_recent_runs - At...
FAILED core/tests/test_runtime_pipeline_monitor.py::test_failure_patterns - A...
FAILED core/tests/test_runtime_pipeline_monitor.py::test_reset - AttributeErr...
FAILED core/tests/test_runtime_pipeline_monitor.py::test_avg_duration - Attri...
FAILED core/tests/test_runtime_pipeline_monitor.py::test_metrics_to_dict - At...
FAILED core/tests/test_runtime_project_builder.py::test_build_api_has_app - A...
FAILED core/tests/test_runtime_project_builder.py::test_build_library_has_init
FAILED core/tests/test_runtime_project_builder.py::test_build_script_has_readme
FAILED core/tests/test_runtime_project_builder.py::test_build_cli_has_tests
FAILED core/tests/test_runtime_project_builder.py::test_build_history_recorded
FAILED core/tests/test_runtime_project_builder.py::test_blueprint_to_dict - A...
FAILED core/tests/test_runtime_project_builder.py::test_supported_types - Att...
FAILED core/tests/test_runtime_project_builder.py::test_build_writes_to_disk
FAILED core/tests/test_runtime_project_builder.py::test_project_entry_point_set
FAILED core/tests/test_runtime_queue.py::test_queue - ModuleNotFoundError: No...
FAILED core/tests/test_runtime_self_improvement_loop.py::test_plan_prioritizes_high_priority
FAILED core/tests/test_runtime_self_improvement_loop.py::test_execute_plan_runs_pipeline
FAILED core/tests/test_runtime_self_improvement_loop.py::test_execute_plan_marks_executed
FAILED core/tests/test_runtime_self_improvement_loop.py::test_execute_plan_records_results
FAILED core/tests/test_runtime_self_improvement_loop.py::test_run_cycle_returns_plan
FAILED core/tests/test_runtime_self_improvement_loop.py::test_run_cycle_no_targets_returns_none
FAILED core/tests/test_runtime_self_improvement_loop.py::test_improvement_history_recorded
FAILED core/tests/test_runtime_self_improvement_loop.py::test_get_last_plan
FAILED core/tests/test_runtime_self_improvement_loop.py::test_build_objective_missing_test
FAILED core/tests/test_runtime_self_improvement_loop.py::test_build_objective_stub
FAILED core/tests/test_runtime_self_improvement_loop.py::test_max_targets_limit
FAILED core/tests/test_runtime_workspace_manager.py::test_write_and_read_file
FAILED core/tests/test_runtime_workspace_manager.py::test_file_exists - Attri...
FAILED core/tests/test_runtime_workspace_manager.py::test_delete_file - Attri...
FAILED core/tests/test_runtime_workspace_manager.py::test_destroy_workspace
FAILED core/tests/test_runtime_workspace_manager.py::test_snapshot_and_restore
FAILED core/tests/test_runtime_workspace_manager.py::test_list_workspaces - A...
FAILED core/tests/test_runtime_workspace_manager.py::test_workspace_exists - ...
FAILED core/tests/test_runtime_workspace_manager.py::test_workspace_to_dict
FAILED core/tests/test_umbra_entry.py::test_build_runtime_returns_dict - Modu...
FAILED core/tests/test_umbra_entry.py::test_runtime_pipeline_functional - Mod...
FAILED core/tests/test_umbra_entry.py::test_llm_provider_present - ModuleNotF...
FAILED core/tests/test_umbra_entry.py::test_print_config_runs - ModuleNotFoun...
FAILED core/tests/test_umbra_entry.py::test_print_status_runs - ModuleNotFoun...
FAILED core/tests/test_umbra_entry.py::test_run_prompt_uses_pipeline - Module...
FAILED core/tests/test_umbra_entry.py::test_extractor_in_runtime - ModuleNotF...
FAILED core/tests/test_umbra_entry.py::test_session_manager_in_runtime - Modu...
FAILED core/tests/test_umbra_entry.py::test_code_runner_in_runtime - ModuleNo...
FAILED core/tests/test_umbra_entry.py::test_config_manager_in_runtime - Modul...
FAILED core/tests/test_umbra_entry.py::test_memory_store_in_runtime - ModuleN...
FAILED core/tests/test_umbra_entry.py::test_pipeline_monitor_in_runtime - Mod...
FAILED core/tests/test_umbra_entry.py::test_health_monitor_in_runtime - Modul...
FAILED core/tests/test_umbra_entry.py::test_print_metrics_runs - ModuleNotFou...
FAILED core/tests/test_umbra_entry.py::test_reviewer_in_runtime - ModuleNotFo...
FAILED core/tests/test_umbra_entry.py::test_replayer_in_runtime - ModuleNotFo...
FAILED core/tests/test_umbra_entry.py::test_run_validator_in_runtime - Module...
FAILED core/tests/test_umbra_entry.py::test_scheduler_starts - ModuleNotFound...
FAILED core/tests/test_umbra_entry.py::test_conversation_engine_in_runtime - ...
FAILED core/tests/test_umbra_entry.py::test_game_tester_in_runtime - ModuleNo...
FAILED core/tests/test_umbra_entry.py::test_image_generator_in_runtime - Modu...
FAILED core/tests/test_umbra_entry.py::test_voice_input_in_runtime - ModuleNo...
FAILED core/tests/test_umbra_entry.py::test_direct_generator_in_runtime - Mod...
FAILED core/tests/test_umbra_entry.py::test_project_manager_in_runtime - Modu...
FAILED core/tests/test_umbra_entry.py::test_studio_agents_in_runtime - Module...
